upstream host3_example_com_80 { 
  ip_hash;
   server 0.0.0.0:80; # bbox4
}

upstream host4_foobar_com_80 { 
  ip_hash;
   server 0.0.0.0:80; # bbox5
}


server {
  listen  80;
  server_name host3.example.com;

  location / {
      proxy_pass http://host3_example_com_80;
      proxy_redirect default;

      proxy_set_header   Host             $host;
      proxy_set_header   X-Real-IP        $remote_addr;
      proxy_set_header   X-Forwarded-For  $proxy_add_x_forwarded_for;
   }
}



server {
  listen  80;
  server_name host4.foobar.com;

  location / {
      proxy_pass http://host4_foobar_com_80;
      proxy_redirect default;

      proxy_set_header   Host             $host;
      proxy_set_header   X-Real-IP        $remote_addr;
      proxy_set_header   X-Forwarded-For  $proxy_add_x_forwarded_for;
   }
}


