upstream host1_80 { 
  ip_hash;
   server 0.0.0.0:80; # nginx-host1
}

upstream host2_80 { 
  ip_hash;
   server 0.0.0.0:80; # nginx-host2
}


server {
  listen  80;
  server_name _;

  location / {
      root /usr/share/nginx/html;
   }
}



server {
  listen  80;
  server_name host1;
  client_max_body_size 100m;

  location / {
      proxy_pass http://host1_80;
      proxy_redirect default;

      proxy_set_header   Host             $host;
      proxy_set_header   X-Real-IP        $remote_addr;
      proxy_set_header   X-Forwarded-For  $proxy_add_x_forwarded_for;
   }
}



server {
  listen  80;
  server_name host2;
  client_max_body_size 100m;

  location / {
      proxy_pass http://host2_80;
      proxy_redirect default;

      proxy_set_header   Host             $host;
      proxy_set_header   X-Real-IP        $remote_addr;
      proxy_set_header   X-Forwarded-For  $proxy_add_x_forwarded_for;
   }
}


